============================= test session starts ==============================
platform linux -- Python 3.13.7, pytest-9.0.3, pluggy-1.6.0 -- /tmp/traffic-system-venv/bin/python
cachedir: .pytest_cache
rootdir: /run/user/1000/gvfs/sftp:host=olympus.ece.tamu.edu,user=dhanush_adithya/home/grads/d/dhanush_adithya/spr26/formal/traffic-system-formal-verification/infra
configfile: pyproject.toml
collecting ... collected 65 items

infra/tests/test_checks.py::ChecksTests::test_collision_count_two_cars_same_slot PASSED [  1%]
infra/tests/test_checks.py::ChecksTests::test_illegal_direction_count_on_next_state PASSED [  3%]
infra/tests/test_checks.py::ChecksTests::test_red_light_violation_on_crossing PASSED [  4%]
infra/tests/test_checks.py::ChecksTests::test_u_turn_count PASSED        [  6%]
infra/tests/test_congestion.py::CongestionTests::test_moving_car_not_counted PASSED [  7%]
infra/tests/test_congestion.py::CongestionTests::test_stopped_car_counted_at_nearer_intersection PASSED [  9%]
infra/tests/test_depots.py::test_first_segment_from_a_toward_b PASSED    [ 10%]
infra/tests/test_depots.py::test_initial_car_validated PASSED            [ 12%]
infra/tests/test_depots.py::test_depots_json_has_start_and_destinations PASSED [ 13%]
infra/tests/test_geometry.py::GeometryTests::test_approach_dir_at_to_intersection PASSED [ 15%]
infra/tests/test_geometry.py::GeometryTests::test_travel_dir_horizontal_vertical PASSED [ 16%]
infra/tests/test_light_control.py::LightControlTests::test_controller_exposes_timing_in_seconds PASSED [ 18%]
infra/tests/test_light_control.py::LightControlTests::test_cycle_green_holds_green_for_multiple_steps PASSED [ 20%]
infra/tests/test_light_control.py::LightControlTests::test_default_cycle_matches_perimeter_flow PASSED [ 21%]
infra/tests/test_protocol.py::ProtocolTests::test_car_state_roundtrip PASSED [ 23%]
infra/tests/test_protocol.py::ProtocolTests::test_dumps_loads_car_states PASSED [ 24%]
infra/tests/test_protocol.py::ProtocolTests::test_traffic_signals_roundtrip PASSED [ 26%]
infra/test_fleet.py::test_spawn_car_at_A PASSED                          [ 27%]
infra/test_fleet.py::test_no_spawn_when_A_occupied PASSED                [ 29%]
infra/test_fleet.py::test_throughput_calculation PASSED                  [ 30%]
infra/test_fleet.py::test_throughput_zero_steps PASSED                   [ 32%]
infra/test_fleet.py::test_throughput_per_minute_calculation PASSED       [ 33%]
infra/test_fleet.py::test_multi_car_spawn PASSED                         [ 35%]
infra/test_fleet.py::test_congestion_update PASSED                       [ 36%]
infra/test_fleet.py::test_get_all_car_states PASSED                      [ 38%]
infra/test_fleet.py::test_apply_next_states_updates_vehicle PASSED       [ 40%]
infra/test_integration.py::test_integrated_simulation_moves_cars_without_violations PASSED [ 41%]
infra/test_integration.py::test_integrated_simulation_respects_single_legal_departure_lane PASSED [ 43%]
infra/test_integration.py::test_completed_car_stays_visible_in_arrival_snapshot PASSED [ 44%]
infra/test_integration.py::test_steps_for_two_hours PASSED               [ 46%]
infra/test_integration.py::test_viz_session_uses_integrated_runtime_when_available PASSED [ 47%]
infra/test_network.py::test_grid_has_correct_number_of_edges PASSED      [ 49%]
infra/test_network.py::test_bfs_finds_shortest_path PASSED               [ 50%]
infra/test_network.py::test_bfs_same_start_end PASSED                    [ 52%]
infra/test_network.py::test_turn_type_straight PASSED                    [ 53%]
infra/test_network.py::test_turn_type_left PASSED                        [ 55%]
infra/test_network.py::test_turn_type_right PASSED                       [ 56%]
infra/test_network.py::test_turn_type_uturn PASSED                       [ 58%]
infra/test_network.py::test_no_uturn_in_valid_next_edges PASSED          [ 60%]
infra/test_network.py::test_terminal_adjacent_intersections PASSED       [ 61%]
infra/test_network.py::test_get_neighbors_corner PASSED                  [ 63%]
infra/test_network.py::test_get_directed_edge PASSED                     [ 64%]
infra/test_network.py::test_approach_dir PASSED                          [ 66%]
infra/test_routing.py::test_all_6_permutations_generated PASSED          [ 67%]
infra/test_routing.py::test_best_tour_order_returns_shortest PASSED      [ 69%]
infra/test_routing.py::test_full_path_starts_at_A_intersection PASSED    [ 70%]
infra/test_routing.py::test_full_path_visits_all_destinations PASSED     [ 72%]
infra/test_routing.py::test_best_tour_path_visits_a_b_c_d PASSED         [ 73%]
infra/test_routing.py::test_dynamic_reroute_returns_path PASSED          [ 75%]
infra/test_routing.py::test_dynamic_reroute_avoids_congestion PASSED     [ 76%]
infra/test_vehicle.py::test_car_moves_forward_on_green PASSED            [ 78%]
infra/test_vehicle.py::test_car_stops_at_red_light_slot_29 PASSED        [ 80%]
infra/test_vehicle.py::test_car_crosses_on_green_slot_29 PASSED          [ 81%]
infra/test_vehicle.py::test_car_stops_for_car_ahead PASSED               [ 83%]
infra/test_vehicle.py::test_car_stops_for_any_visible_car_ahead_on_same_edge PASSED [ 84%]
infra/test_vehicle.py::test_following_car_waits_behind_lead_car_at_red_light PASSED [ 86%]
infra/test_vehicle.py::test_car_no_uturn_at_intersection PASSED          [ 87%]
infra/test_vehicle.py::test_car_completes_full_tour PASSED               [ 89%]
infra/test_verifier.py::test_collision_detected PASSED                   [ 90%]
infra/test_verifier.py::test_red_light_violation_detected PASSED         [ 92%]
infra/test_verifier.py::test_illegal_direction_detected PASSED           [ 93%]
infra/test_verifier.py::test_uturn_detected PASSED                       [ 95%]
infra/test_verifier.py::test_clean_step_no_violations PASSED             [ 96%]
infra/test_verifier.py::test_verifier_matches_igroup_checks PASSED       [ 98%]
infra/test_verifier.py::test_summary_accumulates PASSED                  [100%]

============================== 65 passed in 7.81s ==============================
